{u'arbitrary': {u'1': {'success': True, 'completed': True, 'number': 1, 'start': datetime.datetime(2015, 4, 23, 13, 5), 'finished': datetime.datetime(2015, 4, 23, 13, 9), 'stage': '/Users/trunks/codes/ci/tests/repo'}, '0': {'success': True, 'completed': True, 'number': 0, 'start': datetime.datetime(2015, 4, 23, 13, 8), 'finished': datetime.datetime(2015, 4, 23, 13, 9), 'stage': '/Users/trunks/codes/ci/tests/repo'}, u'3': {u'success': True, u'completed': True, u'number': 3, u'start': u'2015-04-23T13:05:00', u'finished': u'2015-04-23T15:15:00', u'stage': u'~/codes/ci/tests/repo'}, u'2': {u'success': False, u'completed': True, u'number': 2, u'start': u'2015-04-23T13:05:00', u'finished': u'2015-04-23T13:09:00', u'stage': u'~/codes/ci/tests/repo'}}}